Unhandled event: SysVarChanged args: ["TILEMODE", 0]
Event class is: String, args are: ["TILEMODE", 0]
Unhandled event: SysVarChanged args: ["CLAYOUT", "FAA_002_acad*2166"]
Event class is: String, args are: ["CLAYOUT", "FAA_002_acad*2166"]
Unhandled event: AppActivate args: []
Event class is: String, args are: []
Unhandled event: ARXLoaded args: ["aceplotx.crx"]
Event class is: String, args are: ["aceplotx.crx"]
Unhandled event: ARXLoaded args: ["acpltstamp.crx"]
Event class is: String, args are: ["acpltstamp.crx"]
Unhandled event: BeginPlot args: ["pvu-d-rtr-q006"]
Event class is: String, args are: ["pvu-d-rtr-q006"]
Unhandled event: SysVarChanged args: ["PLQUIET", 1]
Event class is: String, args are: ["PLQUIET", 1]
Unhandled event: EndPlot args: ["pvu-d-rtr-q006"]
Event class is: String, args are: ["pvu-d-rtr-q006"]
Unhandled event: SysVarChanged args: ["PLQUIET", 0]
Event class is: String, args are: ["PLQUIET", 0]
Unhandled event: SysVarChanged args: ["RIBBONSTATE", 0]
Event class is: String, args are: ["RIBBONSTATE", 0]
Unhandled event: BeginQuit args: [false]
Event class is: String, args are: [false]
Unhandled event: ARXUnloaded args: ["acdcsymbols.arx"]
Event class is: String, args are: ["acdcsymbols.arx"]
